// Jest Snapshot v1, https://goo.gl/fbAQLP

exports[`extension.php 1`] = `
====================================options=====================================
parsers: ["php"]
printWidth: 80
                                                                                | printWidth
=====================================input======================================
<span><?php echo "string" ?></span>
=====================================output=====================================
<span><?php echo "string"; ?></span>
================================================================================
`;

exports[`extension.phtml 1`] = `
====================================options=====================================
parsers: ["php"]
printWidth: 80
                                                                                | printWidth
=====================================input======================================
<span><?php echo "string" ?></span>
=====================================output=====================================
<span><?php echo "string"; ?></span>
================================================================================
`;
