// Jest Snapshot v1, https://goo.gl/fbAQLP

exports[`while.php 1`] = `
<?php
$i = 1;
while ($i <= 5) {
  $i++;
}
~~~~~~~~~~~~~~~~~~~~~~~~~~~~~~~~~~~~~~~~~~~~~~~~~~~~~~~~~~~~~~~~~~~~~~~~~~~~~~~~
<?php
$i = 1;
while ($i <= 5) {
    $i++;
}
`;
