// Jest Snapshot v1, https://goo.gl/fbAQLP

exports[`while.php 1`] = `
====================================options=====================================
parsers: ["php"]
printWidth: 80
                                                                                | printWidth
=====================================input======================================
<?php
$i = 1;
while ($i <= 5) {
  $i++;
}

while ($i <= 5):
  $i++;
endwhile;

while ( $i <= 5 ) {
    $i++;
}

while (true)
    $a = 1;

while ($veryVeryVeryVeryVeryVeryVeryVeryVeryVeryVeryVeryVeryVeryVeryLongVariable) {}

while ($veryVeryVeryVeryVeryVeryVeryVeryVeryVeryVeryVeryLongVariable && $veryVeryVeryVeryVeryVeryVeryVeryVeryVeryVeryVeryLongVariable) {}

while ($i <= 5):
endwhile;

while ($i <= 5) {
}

=====================================output=====================================
<?php
$i = 1;
while ($i <= 5) {
    $i++;
}

while ($i <= 5):
    $i++;
endwhile;

while ($i <= 5) {
    $i++;
}

while (true) {
    $a = 1;
}

while (
    $veryVeryVeryVeryVeryVeryVeryVeryVeryVeryVeryVeryVeryVeryVeryLongVariable
) {
}

while (
    $veryVeryVeryVeryVeryVeryVeryVeryVeryVeryVeryVeryLongVariable &&
    $veryVeryVeryVeryVeryVeryVeryVeryVeryVeryVeryVeryLongVariable
) {
}

while ($i <= 5):
endwhile;

while ($i <= 5) {
}

================================================================================
`;
