// Jest Snapshot v1, https://goo.gl/fbAQLP

exports[`foreach.php 1`] = `
<?php
foreach ($test as $i) {
  $test2 = $i;
}

foreach ($really_really_really_really_really_long_array as $key => $really_really_really_long_value) {
  $test3 = $really_really_really_long_value;
}
~~~~~~~~~~~~~~~~~~~~~~~~~~~~~~~~~~~~~~~~~~~~~~~~~~~~~~~~~~~~~~~~~~~~~~~~~~~~~~~~
<?php
foreach ($test as $i) {
    $test2 = $i;
}

foreach (
    $really_really_really_really_really_long_array as
    $key => $really_really_really_long_value
) {
    $test3 = $really_really_really_long_value;
}
`;
