// Jest Snapshot v1, https://goo.gl/fbAQLP

exports[`formatting.php 1`] = `
<?php
namespace Vendor\\Package;

use FooInterface;
use BarClass as Bar;
use OtherVendor\\OtherPackage\\BazClass;

class Foo extends Bar implements FooInterface
{
    public function sampleMethod($a, $b = null)
    {
        if ($a === $b) {
            bar();
        } elseif ($a > $b) {
            $foo->bar($arg1);
        } else {
            BazClass::bar($arg2, $arg3);
        }
    }

    final public static function bar()
    {
        // method body
    }
}

// @TODO: need to add more, have basic example here from https://github.com/php-fig/fig-standards/blob/master/accepted/PSR-2-coding-style-guide.md#11-example
~~~~~~~~~~~~~~~~~~~~~~~~~~~~~~~~~~~~~~~~~~~~~~~~~~~~~~~~~~~~~~~~~~~~~~~~~~~~~~~~
<?php
namespace Vendor\\Package;
use FooInterface;
use BarClass as Bar;
use OtherVendor\\OtherPackage\\BazClass;
class Foo extends Bar implements FooInterface
{

  public function sampleMethod($a, $b = null)
  {
    if ($a === $b) {
      bar();
    } elseif ($a > $b) {
      $foo->bar($arg1);
    } else {
      BazClass::bar($arg2, $arg3);
    }
  }

  final public static function bar()
  {
    // method body
  }
};
// @TODO: need to add more, have basic example here from https://github.com/php-fig/fig-standards/blob/master/accepted/PSR-2-coding-style-guide.md#11-example;
`;
