// Jest Snapshot v1, https://goo.gl/fbAQLP

exports[`exit.php 1`] = `
<?php
exit("exit info");
exit(1);
die("die info");
die(1);
~~~~~~~~~~~~~~~~~~~~~~~~~~~~~~~~~~~~~~~~~~~~~~~~~~~~~~~~~~~~~~~~~~~~~~~~~~~~~~~~
<?php
exit("exit info");
exit(1);
exit("die info");
exit(1);

`;
