// Jest Snapshot v1, https://goo.gl/fbAQLP

exports[`magic.php 1`] = `
<?php
__LINE__;
__FILE__;
__DIR__;
__FUNCTION__;
__CLASS__;
__TRAIT__;
__METHOD__;
__NAMESPACE__;
~~~~~~~~~~~~~~~~~~~~~~~~~~~~~~~~~~~~~~~~~~~~~~~~~~~~~~~~~~~~~~~~~~~~~~~~~~~~~~~~
<?php
__LINE__;
__FILE__;
__DIR__;
__FUNCTION__;
__CLASS__;
__TRAIT__;
__METHOD__;
__NAMESPACE__;

`;

exports[`single.php 1`] = `
<?php
__LINE__
?>
~~~~~~~~~~~~~~~~~~~~~~~~~~~~~~~~~~~~~~~~~~~~~~~~~~~~~~~~~~~~~~~~~~~~~~~~~~~~~~~~
<?php
__LINE__;

`;
