// Jest Snapshot v1, https://goo.gl/fbAQLP

exports[`switch.php 1`] = `
<?php
switch (2) {
  case 1:
    $test = 'first';
    break;
  case 2:
    $test = 'second';
    break;
  default:
    $test = 1;
}
~~~~~~~~~~~~~~~~~~~~~~~~~~~~~~~~~~~~~~~~~~~~~~~~~~~~~~~~~~~~~~~~~~~~~~~~~~~~~~~~
<?php
switch (2) {
    case 1:
        $test = 'first';
        break;
    case 2:
        $test = 'second';
        break;
    default:
        $test = 1;
}
`;
