// Jest Snapshot v1, https://goo.gl/fbAQLP

exports[`literals.php 1`] = `
<?php

$boolean_test_true = true;
$boolean_test_false = false;
$string_test = 'hello_world';
$number_test = 12345.1234;
$magic = __LINE__;
$silent = @$foo;
$nowdoc = <<<'EOL'
"test" foo
EOL;
~~~~~~~~~~~~~~~~~~~~~~~~~~~~~~~~~~~~~~~~~~~~~~~~~~~~~~~~~~~~~~~~~~~~~~~~~~~~~~~~
<?php

$boolean_test_true = true;
$boolean_test_false = false;
$string_test = 'hello_world';
$number_test = 12345.1234;
$magic = __LINE__;
$silent = @$foo;
$nowdoc = <<<'EOL'
"test" foo
EOL;

`;
