// Jest Snapshot v1, https://goo.gl/fbAQLP

exports[`bom.php 1`] = `
﻿<?php
$a = 1;
~~~~~~~~~~~~~~~~~~~~~~~~~~~~~~~~~~~~~~~~~~~~~~~~~~~~~~~~~~~~~~~~~~~~~~~~~~~~~~~~
﻿<?php
$a = 1;

`;
