// Jest Snapshot v1, https://goo.gl/fbAQLP

exports[`do.php 1`] = `
<?php
$i = 1;
do {
  $i++;
} while ($i <= 5);

$really_really_long_variable_name = 0;
$other_really_really_really_long_variable_name = 10;
do {
  $really_really_long_variable_name++;
} while ($really_really_long_variable_name <= $other_really_really_really_long_variable_name);
~~~~~~~~~~~~~~~~~~~~~~~~~~~~~~~~~~~~~~~~~~~~~~~~~~~~~~~~~~~~~~~~~~~~~~~~~~~~~~~~
<?php
$i = 1;
do {
    $i++;
} while ($i <= 5);

$really_really_long_variable_name = 0;
$other_really_really_really_long_variable_name = 10;
do {
    $really_really_long_variable_name++;
} while (
    $really_really_long_variable_name <= $other_really_really_really_long_variable_name
);
`;
