// Jest Snapshot v1, https://goo.gl/fbAQLP

exports[`declare.php 1`] = `
<?php
declare(ticks=1):
$test = 1;
enddeclare;
declare(ticks=1);
$test = 1;
declare(ticks=1) {
  $test = 1;
}
declare(encoding='ISO-8859-1');
$test = 1;
~~~~~~~~~~~~~~~~~~~~~~~~~~~~~~~~~~~~~~~~~~~~~~~~~~~~~~~~~~~~~~~~~~~~~~~~~~~~~~~~
<?php
declare(ticks=1):
$test = 1;
enddeclare;
declare(ticks=1);
$test = 1;
declare(ticks=1) {
    $test = 1;
}
declare(encoding='ISO-8859-1');
$test = 1;
`;
